Microchip MPLAB XC8 Compiler V3.00

Linker command line:

-W-3 \
  --edf=C:\Program Files\Microchip\xc8\v3.00\pic\dat\20241204225717_en.msgs \
  -cn -h+dist/default/debug\tiger16_rsv_light.X.debug.sym \
  --cmf=dist/default/debug\tiger16_rsv_light.X.debug.cmf -z -Q16F1575 \
  -oC:\Users\miki\AppData\Local\Temp\xcAsa1s.\driver_tmp_3.o \
  --defsym=__MPLAB_BUILD=1 --fixupoverflow=error \
  -Mdist/default/debug/tiger16_rsv_light.X.debug.map \
  --md=C:\Users\miki\AppData\Local\Temp\xcAsa1s.\driver_tmp_0.dat -E1 \
  -ver=XC8 Compiler -ACODE=00h-07FFhx4 -ASTRCODE=00h-01FFFh \
  -ASTRING=00h-0FFhx32 -ACONST=00h-0FFhx32 -AENTRY=00h-0FFhx32 \
  -ACOMMON=070h-07Fh -ABANK0=020h-06Fh -ABANK1=0A0h-0EFh \
  -ABANK2=0120h-016Fh -ABANK3=01A0h-01EFh -ABANK4=0220h-026Fh \
  -ABANK5=02A0h-02EFh -ABANK6=0320h-036Fh -ABANK7=03A0h-03EFh \
  -ABANK8=0420h-046Fh -ABANK9=04A0h-04EFh -ABANK10=0520h-056Fh \
  -ABANK11=05A0h-05EFh -ABANK12=0620h-063Fh -ABIGRAM=02000h-023DFh \
  -ARAM=020h-06Fh,0A0h-0EFh,0120h-016Fh,01A0h-01EFh,0220h-026Fh,02A0h-02EFh,0320h-036Fh,03A0h-03EFh,0420h-046Fh,04A0h-04EFh,0520h-056Fh,05A0h-05EFh,0620h-063Fh \
  -AABS1=020h-07Fh,0A0h-0EFh,0120h-016Fh,01A0h-01EFh,0220h-026Fh,02A0h-02EFh,0320h-036Fh,03A0h-03EFh,0420h-046Fh,04A0h-04EFh,0520h-056Fh,05A0h-05EFh,0620h-063Fh \
  -ASFR0=00h-01Fh -ASFR1=080h-09Fh -ASFR2=0100h-011Fh -ASFR3=0180h-019Fh \
  -ASFR4=0200h-021Fh -ASFR5=0280h-029Fh -ASFR6=0300h-031Fh \
  -ASFR7=0380h-039Fh -ASFR8=0400h-041Fh -ASFR9=0480h-049Fh \
  -ASFR10=0500h-051Fh -ASFR11=0580h-059Fh -ASFR12=0600h-061Fh \
  -ASFR13=0680h-06EFh -ASFR14=0700h-076Fh -ASFR15=0780h-07EFh \
  -ASFR16=0800h-086Fh -ASFR17=0880h-08EFh -ASFR18=0900h-096Fh \
  -ASFR19=0980h-09EFh -ASFR20=0A00h-0A6Fh -ASFR21=0A80h-0AEFh \
  -ASFR22=0B00h-0B6Fh -ASFR23=0B80h-0BEFh -ASFR24=0C00h-0C6Fh \
  -ASFR25=0C80h-0CEFh -ASFR26=0D00h-0D6Fh -ASFR27=0D80h-0DEFh \
  -ASFR28=0E00h-0E6Fh -ASFR29=0E80h-0EEFh -ASFR30=0F00h-0F6Fh \
  -ASFR31=0F80h-0FEFh -ACONFIG=08007h-08008h -DCONFIG=2 \
  -AIDLOC=08000h-08003h -DIDLOC=2 -DCODE=2 -DSTRCODE=2 -DSTRING=2 -DCONST=2 \
  -DENTRY=2 -preset_vec=00h,intentry=04h,sivt,init,end_init -ppowerup=CODE \
  -pcinit=CODE -pfunctab=ENTRY -k \
  C:\Users\miki\AppData\Local\Temp\xcAsa1s.\driver_tmp_17.o \
  dist/default/debug\tiger16_rsv_light.X.debug.o 

Object code version is 3.11

Machine type is 16F1575



                Name                               Link     Load   Length Selector   Space Scale
C:\Users\miki\AppData\Local\Temp\xcAsa1s.\driver_tmp_17.o
                end_init                             13       13        2        8       0
                reset_vec                             0        0        3        0       0
                config                             8007     8007        2        0       4
                idloc                              8000     8000        4        0       5
dist/default/debug\tiger16_rsv_light.X.debug.o
                cinit                                15       15        E        8       0
                intentry                              4        4        F        8       0
                config                             8007     8007        2        0       4
                idloc                              8000     8000        4        0       5
                text24                              44C      44C        1      882       0
                text22                              420      420        E        8       0
                text21                              2F9      2F9       26        8       0
                text20                              3C8      3C8       15        8       0
                text19                              412      412        E        8       0
                text18                              3DD      3DD       14        8       0
                text17                              2BA      2BA       3F        8       0
                text16                              379      379       1D        8       0
                text15                              110      110       64        8       0
                text14                              42E      42E        C        8       0
                text13                              35B      35B       1E        8       0
                text12                              3AF      3AF       19        8       0
                text11                              396      396       19        8       0
                text10                              447      447        4      882       0
                text9                               402      402       10        8       0
                text8                               174      174       5B        8       0
                text7                               226      226       51        8       0
                text6                               3F1      3F1       11        8       0
                text5                               44B      44B        1      882       0
                text4                               1CF      1CF       57        8       0
                text3                                23       23       ED        8       0
                text2                               33D      33D       1E        8       0
                text1                               31F      31F       1E        8       0
                maintext                            277      277       43        8       0
                cstackBANK0                          20       20       4F       20       1
                cstackCOMMON                         70       70        E       70       1
                clrtext                             441      441        6      882       0
                bssBANK1                             A0       A0       24       A0       1
                bssBANK0                             6F       6F        1       20       1
                stringtext1                         43A      43A        7      874       0

TOTAL           Name                               Link     Load   Length     Space
        CLASS   CODE           
                end_init                             13       13        2         0
                cinit                                15       15        E         0
                intentry                              4        4        F         0
                reset_vec                             0        0        3         0
                text24                              44C      44C        1         0
                text22                              420      420        E         0
                text21                              2F9      2F9       26         0
                text20                              3C8      3C8       15         0
                text19                              412      412        E         0
                text18                              3DD      3DD       14         0
                text17                              2BA      2BA       3F         0
                text16                              379      379       1D         0
                text15                              110      110       64         0
                text14                              42E      42E        C         0
                text13                              35B      35B       1E         0
                text12                              3AF      3AF       19         0
                text11                              396      396       19         0
                text10                              447      447        4         0
                text9                               402      402       10         0
                text8                               174      174       5B         0
                text7                               226      226       51         0
                text6                               3F1      3F1       11         0
                text5                               44B      44B        1         0
                text4                               1CF      1CF       57         0
                text3                                23       23       ED         0
                text2                               33D      33D       1E         0
                text1                               31F      31F       1E         0
                maintext                            277      277       43         0
                clrtext                             441      441        6         0

        CLASS   STRCODE        
                stringtext1                         43A      43A        7         0

        CLASS   STRING         

        CLASS   CONST          

        CLASS   ENTRY          

        CLASS   COMMON         
                cstackCOMMON                         70       70        E         1

        CLASS   BANK0          
                cstackBANK0                          20       20       4F         1
                bssBANK0                             6F       6F        1         1

        CLASS   BANK1          
                bssBANK1                             A0       A0       24         1

        CLASS   BANK2          

        CLASS   BANK3          

        CLASS   BANK4          

        CLASS   BANK5          

        CLASS   BANK6          

        CLASS   BANK7          

        CLASS   BANK8          

        CLASS   BANK9          

        CLASS   BANK10         

        CLASS   BANK11         

        CLASS   BANK12         

        CLASS   BIGRAM         

        CLASS   RAM            

        CLASS   ABS1           
                abs_s1                               7E       7E        2         1

        CLASS   SFR0           

        CLASS   SFR1           

        CLASS   SFR2           

        CLASS   SFR3           

        CLASS   SFR4           

        CLASS   SFR5           

        CLASS   SFR6           

        CLASS   SFR7           

        CLASS   SFR8           

        CLASS   SFR9           

        CLASS   SFR10          

        CLASS   SFR11          

        CLASS   SFR12          

        CLASS   SFR13          

        CLASS   SFR14          

        CLASS   SFR15          

        CLASS   SFR16          

        CLASS   SFR17          

        CLASS   SFR18          

        CLASS   SFR19          

        CLASS   SFR20          

        CLASS   SFR21          

        CLASS   SFR22          

        CLASS   SFR23          

        CLASS   SFR24          

        CLASS   SFR25          

        CLASS   SFR26          

        CLASS   SFR27          

        CLASS   SFR28          

        CLASS   SFR29          

        CLASS   SFR30          

        CLASS   SFR31          

        CLASS   CONFIG         
                config                             8007     8007        2         4

        CLASS   IDLOC          
                idloc                              8000     8000        4         5

        CLASS   BANK31         

        CLASS   BANK30         

        CLASS   BANK29         

        CLASS   BANK28         

        CLASS   BANK27         

        CLASS   BANK26         

        CLASS   BANK25         

        CLASS   BANK24         

        CLASS   BANK23         

        CLASS   BANK22         

        CLASS   BANK21         

        CLASS   BANK20         

        CLASS   BANK19         

        CLASS   BANK18         

        CLASS   BANK17         

        CLASS   BANK16         

        CLASS   BANK15         

        CLASS   BANK14         

        CLASS   BANK13         

        CLASS   HEAP           

        CLASS   STACK          

        CLASS   EEDATA         



SEGMENTS        Name                           Load    Length   Top    Selector   Space  Class     Delta

                reset_vec                      000000  000003  000003         0       0  CODE        2
                intentry                       000004  000436  00043A         8       0  CODE        2
                cstackBANK0                    000020  000050  000070        20       1  BANK0       1
                cstackCOMMON                   000070  00000E  00007E        70       1  COMMON      1
                bssBANK1                       0000A0  000024  0000C4        A0       1  BANK1       1
                stringtext1                    00043A  000007  000441       874       0  STRCODE     2
                clrtext                        000441  00000C  00044D       882       0  CODE        2


UNUSED ADDRESS RANGES

        Name                Unused          Largest block    Delta
        BANK1            000C4-000EF              2C           1
        BANK10           00520-0056F              50           1
        BANK11           005A0-005EF              50           1
        BANK12           00620-0063F              20           1
        BANK2            00120-0016F              50           1
        BANK3            001A0-001EF              50           1
        BANK4            00220-0026F              50           1
        BANK5            002A0-002EF              50           1
        BANK6            00320-0036F              50           1
        BANK7            003A0-003EF              50           1
        BANK8            00420-0046F              50           1
        BANK9            004A0-004EF              50           1
        BIGRAM           02000-023DF             3E0           1
        CODE             00003-00003               1           2
                         0044D-01FFF             800
        CONST            00003-00003               1           2
                         0044D-01FFF             100
        ENTRY            00003-00003               1           2
                         0044D-01FFF             100
        RAM              000C4-000EF              2C           1
                         00120-0016F              50
                         001A0-001EF              50
                         00220-0026F              50
                         002A0-002EF              50
                         00320-0036F              50
                         003A0-003EF              50
                         00420-0046F              50
                         004A0-004EF              50
                         00520-0056F              50
                         005A0-005EF              50
                         00620-0063F              20
        SFR0             00000-0001F              20           1
        SFR1             00080-0009F              20           1
        SFR10            00500-0051F              20           1
        SFR11            00580-0059F              20           1
        SFR12            00600-0061F              20           1
        SFR13            00680-006EF              70           1
        SFR14            00700-0076F              70           1
        SFR15            00780-007EF              70           1
        SFR16            00800-0086F              70           1
        SFR17            00880-008EF              70           1
        SFR18            00900-0096F              70           1
        SFR19            00980-009EF              70           1
        SFR2             00100-0011F              20           1
        SFR20            00A00-00A6F              70           1
        SFR21            00A80-00AEF              70           1
        SFR22            00B00-00B6F              70           1
        SFR23            00B80-00BEF              70           1
        SFR24            00C00-00C6F              70           1
        SFR25            00C80-00CEF              70           1
        SFR26            00D00-00D6F              70           1
        SFR27            00D80-00DEF              70           1
        SFR28            00E00-00E6F              70           1
        SFR29            00E80-00EEF              70           1
        SFR3             00180-0019F              20           1
        SFR30            00F00-00F6F              70           1
        SFR31            00F80-00FEF              70           1
        SFR4             00200-0021F              20           1
        SFR5             00280-0029F              20           1
        SFR6             00300-0031F              20           1
        SFR7             00380-0039F              20           1
        SFR8             00400-0041F              20           1
        SFR9             00480-0049F              20           1
        STRCODE          00003-00003               1           2
                         0044D-01FFF            1BB3
        STRING           00003-00003               1           2
                         0044D-01FFF             100

                                  Symbol Table

?___awdiv                           cstackCOMMON 00070
?___awmod                           cstackCOMMON 00070
?_abs                               cstackCOMMON 00076
?_sprintf                           cstackBANK0  00034
?_strlen                            cstackCOMMON 00070
?_vfprintf                          cstackBANK0  0002C
I2C_ackchk@i2c_data                 cstackCOMMON 00070
I2C_send@i                          cstackCOMMON 00072
I2C_send@i2c_data                   cstackCOMMON 00071
I2C_send@send_data                  cstackCOMMON 00070
LCD_i2C_cmd@cmd                     cstackCOMMON 00073
LCD_i2C_data@c                      cstackCOMMON 00076
LCD_i2C_data@i                      cstackCOMMON 00075
LCD_i2C_data@l                      cstackCOMMON 00074
LCD_i2C_data@str                    cstackCOMMON 00073
LCD_i2c_init@ctr                    cstackCOMMON 00076
_ANSELA                             (abs)        0018C
_ANSELC                             (abs)        0018E
_BORCON                             (abs)        00116
_I2C_ackchk                         text22       00420
_I2C_send                           text21       002F9
_I2C_start                          text20       003C8
_I2C_stop                           text19       00412
_INTCONbits                         (abs)        0000B
_INTERRUPT_InterruptManager         intentry     00004
_LATA                               (abs)        0010C
_LATC                               (abs)        0010E
_LATCbits                           (abs)        0010E
_LCD_i2C_cmd                        text16       00379
_LCD_i2C_data                       text17       002BA
_LCD_i2c_init                       text15       00110
_ODCONA                             (abs)        0028C
_ODCONC                             (abs)        0028E
_OPTION_REGbits                     (abs)        00095
_OSCCON                             (abs)        00099
_OSCILLATOR_Initialize              text14       0042E
_OSCTUNE                            (abs)        00098
_PIN_MANAGER_IOC                    text24       0044C
_PIN_MANAGER_Initialize             text13       0035B
_PLLR                               (abs)        004D6
_PORTCbits                          (abs)        0000E
_PWM1CLKCON                         (abs)        00D9E
_PWM1CON                            (abs)        00D9B
_PWM1CONbits                        (abs)        00D9B
_PWM1DCH                            (abs)        00D94
_PWM1DCL                            (abs)        00D93
_PWM1INTE                           (abs)        00D9C
_PWM1INTF                           (abs)        00D9D
_PWM1INTFbits                       (abs)        00D9D
_PWM1LDCON                          (abs)        00D9F
_PWM1LDCONbits                      (abs)        00D9F
_PWM1OFCON                          (abs)        00DA0
_PWM1OFH                            (abs)        00D98
_PWM1OFL                            (abs)        00D97
_PWM1PHH                            (abs)        00D92
_PWM1PHL                            (abs)        00D91
_PWM1PRH                            (abs)        00D96
_PWM1PRL                            (abs)        00D95
_PWM1TMRH                           (abs)        00D9A
_PWM1TMRL                           (abs)        00D99
_PWM1_Initialize                    text12       003AF
_PWM2CLKCON                         (abs)        00DAE
_PWM2CON                            (abs)        00DAB
_PWM2CONbits                        (abs)        00DAB
_PWM2DCH                            (abs)        00DA4
_PWM2DCL                            (abs)        00DA3
_PWM2INTE                           (abs)        00DAC
_PWM2INTF                           (abs)        00DAD
_PWM2INTFbits                       (abs)        00DAD
_PWM2LDCON                          (abs)        00DAF
_PWM2LDCONbits                      (abs)        00DAF
_PWM2OFCON                          (abs)        00DB0
_PWM2OFH                            (abs)        00DA8
_PWM2OFL                            (abs)        00DA7
_PWM2PHH                            (abs)        00DA2
_PWM2PHL                            (abs)        00DA1
_PWM2PRH                            (abs)        00DA6
_PWM2PRL                            (abs)        00DA5
_PWM2TMRH                           (abs)        00DAA
_PWM2TMRL                           (abs)        00DA9
_PWM2_Initialize                    text11       00396
_RA5PPS                             (abs)        00E95
_RC3PPS                             (abs)        00EA3
_SLRCONA                            (abs)        0030C
_SLRCONC                            (abs)        0030E
_SYSTEM_Initialize                  text9        00402
_TRISA                              (abs)        0008C
_TRISC                              (abs)        0008E
_TRISCbits                          (abs)        0008E
_WDTCON                             (abs)        00097
_WDT_Initialize                     text10       00447
_WPUA                               (abs)        0020C
_WPUC                               (abs)        0020E
__H__absolute__                     __absolute__ 00000
__Habs1                             abs1         00000
__Hbank0                            bank0        00000
__Hbank1                            bank1        00000
__Hbank10                           bank10       00000
__Hbank11                           bank11       00000
__Hbank12                           bank12       00000
__Hbank13                           bank13       00000
__Hbank14                           bank14       00000
__Hbank15                           bank15       00000
__Hbank16                           bank16       00000
__Hbank17                           bank17       00000
__Hbank18                           bank18       00000
__Hbank19                           bank19       00000
__Hbank2                            bank2        00000
__Hbank20                           bank20       00000
__Hbank21                           bank21       00000
__Hbank22                           bank22       00000
__Hbank23                           bank23       00000
__Hbank24                           bank24       00000
__Hbank25                           bank25       00000
__Hbank26                           bank26       00000
__Hbank27                           bank27       00000
__Hbank28                           bank28       00000
__Hbank29                           bank29       00000
__Hbank3                            bank3        00000
__Hbank30                           bank30       00000
__Hbank31                           bank31       00000
__Hbank4                            bank4        00000
__Hbank5                            bank5        00000
__Hbank6                            bank6        00000
__Hbank7                            bank7        00000
__Hbank8                            bank8        00000
__Hbank9                            bank9        00000
__Hbigram                           bigram       00000
__HbssBANK0                         bssBANK0     00000
__HbssBANK1                         bssBANK1     00000
__Hcinit                            cinit        00023
__Hclrtext                          clrtext      00000
__Hcode                             code         00000
__Hcommon                           common       00000
__Hconfig                           config       08009
__HcstackBANK0                      cstackBANK0  00000
__HcstackCOMMON                     cstackCOMMON 00000
__Heeprom_data                      eeprom_data  00000
__Hend_init                         end_init     00015
__Hfunctab                          functab      00000
__Hheap                             heap         00000
__Hidloc                            idloc        08004
__Hinit                             init         00013
__Hintentry                         intentry     00013
__Hmaintext                         maintext     00000
__Hpowerup                          powerup      00000
__Hram                              ram          00000
__Hreset_vec                        reset_vec    00003
__Hsfr0                             sfr0         00000
__Hsfr1                             sfr1         00000
__Hsfr10                            sfr10        00000
__Hsfr11                            sfr11        00000
__Hsfr12                            sfr12        00000
__Hsfr13                            sfr13        00000
__Hsfr14                            sfr14        00000
__Hsfr15                            sfr15        00000
__Hsfr16                            sfr16        00000
__Hsfr17                            sfr17        00000
__Hsfr18                            sfr18        00000
__Hsfr19                            sfr19        00000
__Hsfr2                             sfr2         00000
__Hsfr20                            sfr20        00000
__Hsfr21                            sfr21        00000
__Hsfr22                            sfr22        00000
__Hsfr23                            sfr23        00000
__Hsfr24                            sfr24        00000
__Hsfr25                            sfr25        00000
__Hsfr26                            sfr26        00000
__Hsfr27                            sfr27        00000
__Hsfr28                            sfr28        00000
__Hsfr29                            sfr29        00000
__Hsfr3                             sfr3         00000
__Hsfr30                            sfr30        00000
__Hsfr31                            sfr31        00000
__Hsfr4                             sfr4         00000
__Hsfr5                             sfr5         00000
__Hsfr6                             sfr6         00000
__Hsfr7                             sfr7         00000
__Hsfr8                             sfr8         00000
__Hsfr9                             sfr9         00000
__Hsivt                             sivt         00013
__Hspace_0                          (abs)        0044D
__Hspace_1                          (abs)        000C4
__Hspace_2                          (abs)        00000
__Hspace_3                          (abs)        00000
__Hspace_4                          (abs)        10010
__Hstack                            stack        00000
__Hstrings                          strings      00000
__Hstringtext1                      stringtext1  00000
__Hstringtext2                      stringtext2  00000
__Htext                             text         00000
__L__absolute__                     __absolute__ 00000
__Labs1                             abs1         00000
__Lbank0                            bank0        00000
__Lbank1                            bank1        00000
__Lbank10                           bank10       00000
__Lbank11                           bank11       00000
__Lbank12                           bank12       00000
__Lbank13                           bank13       00000
__Lbank14                           bank14       00000
__Lbank15                           bank15       00000
__Lbank16                           bank16       00000
__Lbank17                           bank17       00000
__Lbank18                           bank18       00000
__Lbank19                           bank19       00000
__Lbank2                            bank2        00000
__Lbank20                           bank20       00000
__Lbank21                           bank21       00000
__Lbank22                           bank22       00000
__Lbank23                           bank23       00000
__Lbank24                           bank24       00000
__Lbank25                           bank25       00000
__Lbank26                           bank26       00000
__Lbank27                           bank27       00000
__Lbank28                           bank28       00000
__Lbank29                           bank29       00000
__Lbank3                            bank3        00000
__Lbank30                           bank30       00000
__Lbank31                           bank31       00000
__Lbank4                            bank4        00000
__Lbank5                            bank5        00000
__Lbank6                            bank6        00000
__Lbank7                            bank7        00000
__Lbank8                            bank8        00000
__Lbank9                            bank9        00000
__Lbigram                           bigram       00000
__LbssBANK0                         bssBANK0     00000
__LbssBANK1                         bssBANK1     00000
__Lcinit                            cinit        00015
__Lclrtext                          clrtext      00000
__Lcode                             code         00000
__Lcommon                           common       00000
__Lconfig                           config       00000
__LcstackBANK0                      cstackBANK0  00000
__LcstackCOMMON                     cstackCOMMON 00000
__Leeprom_data                      eeprom_data  00000
__Lend_init                         end_init     00013
__Lfunctab                          functab      00000
__Lheap                             heap         00000
__Lidloc                            idloc        00000
__Linit                             init         00013
__Lintentry                         intentry     00004
__Lmaintext                         maintext     00000
__Lpowerup                          powerup      00000
__Lram                              ram          00000
__Lreset_vec                        reset_vec    00000
__Lsfr0                             sfr0         00000
__Lsfr1                             sfr1         00000
__Lsfr10                            sfr10        00000
__Lsfr11                            sfr11        00000
__Lsfr12                            sfr12        00000
__Lsfr13                            sfr13        00000
__Lsfr14                            sfr14        00000
__Lsfr15                            sfr15        00000
__Lsfr16                            sfr16        00000
__Lsfr17                            sfr17        00000
__Lsfr18                            sfr18        00000
__Lsfr19                            sfr19        00000
__Lsfr2                             sfr2         00000
__Lsfr20                            sfr20        00000
__Lsfr21                            sfr21        00000
__Lsfr22                            sfr22        00000
__Lsfr23                            sfr23        00000
__Lsfr24                            sfr24        00000
__Lsfr25                            sfr25        00000
__Lsfr26                            sfr26        00000
__Lsfr27                            sfr27        00000
__Lsfr28                            sfr28        00000
__Lsfr29                            sfr29        00000
__Lsfr3                             sfr3         00000
__Lsfr30                            sfr30        00000
__Lsfr31                            sfr31        00000
__Lsfr4                             sfr4         00000
__Lsfr5                             sfr5         00000
__Lsfr6                             sfr6         00000
__Lsfr7                             sfr7         00000
__Lsfr8                             sfr8         00000
__Lsfr9                             sfr9         00000
__Lsivt                             sivt         00013
__Lspace_0                          (abs)        00000
__Lspace_1                          (abs)        00000
__Lspace_2                          (abs)        00000
__Lspace_3                          (abs)        00000
__Lspace_4                          (abs)        00000
__Lstack                            stack        00000
__Lstrings                          strings      00000
__Lstringtext1                      stringtext1  00000
__Lstringtext2                      stringtext2  00000
__Ltext                             text         00000
__S0                                (abs)        0044D
__S1                                (abs)        000C4
___awdiv                            text8        00174
___awdiv@counter                    cstackCOMMON 00074
___awdiv@dividend                   cstackCOMMON 00072
___awdiv@divisor                    cstackCOMMON 00070
___awdiv@quotient                   cstackCOMMON 00076
___awdiv@sign                       cstackCOMMON 00075
___awmod                            text7        00226
___awmod@counter                    cstackCOMMON 00074
___awmod@dividend                   cstackCOMMON 00072
___awmod@divisor                    cstackCOMMON 00070
___awmod@sign                       cstackCOMMON 00075
___heap_hi                          (abs)        00000
___heap_lo                          (abs)        00000
___int_sp                           stack        00000
___int_stack_hi                     stack        00000
___int_stack_lo                     stack        00000
___latbits                          (abs)        00002
___sp                               stack        00000
___stack_hi                         stack        00000
___stack_lo                         stack        00000
___stackhi                          (abs)        00000
___stacklo                          (abs)        00000
__end_of_I2C_ackchk                 text22       0042E
__end_of_I2C_send                   text21       0031F
__end_of_I2C_start                  text20       003DD
__end_of_I2C_stop                   text19       00420
__end_of_INTERRUPT_InterruptManager intentry     00013
__end_of_LCD_i2C_cmd                text16       00396
__end_of_LCD_i2C_data               text17       002F9
__end_of_LCD_i2c_init               text15       00174
__end_of_OSCILLATOR_Initialize      text14       0043A
__end_of_PIN_MANAGER_IOC            text24       0044D
__end_of_PIN_MANAGER_Initialize     text13       00379
__end_of_PWM1_Initialize            text12       003C8
__end_of_PWM2_Initialize            text11       003AF
__end_of_SYSTEM_Initialize          text9        00412
__end_of_WDT_Initialize             text10       0044B
__end_of___awdiv                    text8        001CF
__end_of___awmod                    text7        00277
__end_of__initialization            cinit        0001F
__end_of_abs                        text6        00402
__end_of_fputc                      text4        00226
__end_of_main                       maintext     002BA
__end_of_putch                      text5        0044C
__end_of_sprintf                    text1        0033D
__end_of_strlen                     text18       003F1
__end_of_vfpfcnvrt                  text3        00110
__end_of_vfprintf                   text2        0035B
__initialization                    cinit        00015
__pbssBANK0                         bssBANK0     0006F
__pbssBANK1                         bssBANK1     000A0
__pcstackBANK0                      cstackBANK0  00020
__pcstackCOMMON                     cstackCOMMON 00070
__pintentry                         intentry     00004
__pmaintext                         maintext     00277
__pstringtext1                      stringtext1  0043A
__pstringtext2                      stringtext2  00000
__ptext1                            text1        0031F
__ptext10                           text10       00447
__ptext11                           text11       00396
__ptext12                           text12       003AF
__ptext13                           text13       0035B
__ptext14                           text14       0042E
__ptext15                           text15       00110
__ptext16                           text16       00379
__ptext17                           text17       002BA
__ptext18                           text18       003DD
__ptext19                           text19       00412
__ptext2                            text2        0033D
__ptext20                           text20       003C8
__ptext21                           text21       002F9
__ptext22                           text22       00420
__ptext24                           text24       0044C
__ptext3                            text3        00023
__ptext4                            text4        001CF
__ptext5                            text5        0044B
__ptext6                            text6        003F1
__ptext7                            text7        00226
__ptext8                            text8        00174
__ptext9                            text9        00402
_abs                                text6        003F1
_dbuf                               bssBANK1     000A0
_flags                              bssBANK0     0006F
_fputc                              text4        001CF
_main                               maintext     00277
_prec                               bssBANK1     000C2
_putch                              text5        0044B
_sprintf                            text1        0031F
_strlen                             text18       003DD
_vfpfcnvrt                          text3        00023
_vfprintf                           text2        0033D
_width                              bssBANK1     000C0
abs@a                               cstackCOMMON 00076
btemp                               (abs)        0007E
clear_ram0                          clrtext      00441
end_of_initialization               cinit        0001F
fputc@c                             cstackCOMMON 00070
fputc@fp                            cstackCOMMON 00072
int$flags                           (abs)        0007E
intlevel0                           functab      00000
intlevel1                           functab      00000
intlevel2                           functab      00000
intlevel3                           functab      00000
intlevel4                           functab      00000
intlevel5                           functab      00000
main@buf                            cstackBANK0  0004F
reset_vec                           reset_vec    00000
sprintf@ap                          cstackBANK0  0003D
sprintf@f                           cstackBANK0  0003E
sprintf@fmt                         cstackBANK0  00035
sprintf@s                           cstackBANK0  00034
start                               init         00013
start_initialization                cinit        00015
strlen@a                            cstackCOMMON 00072
strlen@s                            cstackCOMMON 00070
vfpfcnvrt@ap                        cstackCOMMON 0007D
vfpfcnvrt@c                         cstackBANK0  0002B
vfpfcnvrt@convarg                   cstackBANK0  00027
vfpfcnvrt@cp                        cstackBANK0  00025
vfpfcnvrt@done                      cstackBANK0  00024
vfpfcnvrt@fmt                       cstackCOMMON 0007C
vfpfcnvrt@fp                        cstackCOMMON 0007A
vfprintf@ap                         cstackBANK0  00030
vfprintf@cfmt                       cstackBANK0  00032
vfprintf@fmt                        cstackBANK0  0002E
vfprintf@fp                         cstackBANK0  0002C
wtemp0                              (abs)        0007E


MODULE INFORMATION

Module		Function		Class		Link	Load	Size
C:\Program Files\Microchip\xc8\v3.00\pic\sources\c99\common\abs.c
		_abs           		CODE           	03F1	0000	17

C:\Program Files\Microchip\xc8\v3.00\pic\sources\c99\common\abs.c estimated size: 17

C:\Program Files\Microchip\xc8\v3.00\pic\sources\c99\common\nf_fputc.c
		_fputc         		CODE           	01CF	0000	87

C:\Program Files\Microchip\xc8\v3.00\pic\sources\c99\common\nf_fputc.c estimated size: 87

mcc_generated_files/interrupt_manager.c
		_INTERRUPT_InterruptManager		CODE           	0004	0000	15

mcc_generated_files/interrupt_manager.c estimated size: 15

mcc_generated_files/pwm2.c
		_PWM2_Initialize		CODE           	0396	0000	25

mcc_generated_files/pwm2.c estimated size: 25

C:\Program Files\Microchip\xc8\v3.00\pic\sources\c99\common\nf_sprintf.c
		_sprintf       		CODE           	031F	0000	30

C:\Program Files\Microchip\xc8\v3.00\pic\sources\c99\common\nf_sprintf.c estimated size: 30

mcc_generated_files/pin_manager.c
		_PIN_MANAGER_Initialize		CODE           	035B	0000	30
		_PIN_MANAGER_IOC		CODE           	044C	0000	1

mcc_generated_files/pin_manager.c estimated size: 31

lcd_i2c.c
		_LCD_i2C_cmd   		CODE           	0379	0000	29
		_LCD_i2C_data  		CODE           	02BA	0000	63
		_LCD_i2c_init  		CODE           	0110	0000	100

lcd_i2c.c estimated size: 192

C:\Program Files\Microchip\xc8\v3.00\pic\sources\c99\common\awmod.c
		___awmod       		CODE           	0226	0000	81

C:\Program Files\Microchip\xc8\v3.00\pic\sources\c99\common\awmod.c estimated size: 81

C:\Program Files\Microchip\xc8\v3.00\pic\sources\c99\common\putch.c
		_putch         		CODE           	044B	0000	1

C:\Program Files\Microchip\xc8\v3.00\pic\sources\c99\common\putch.c estimated size: 1

shared
		__initialization		CODE           	0015	0000	10

shared estimated size: 10

mcc_generated_files/mcc.c
		_WDT_Initialize		CODE           	0447	0000	4
		_OSCILLATOR_Initialize		CODE           	042E	0000	12
		_SYSTEM_Initialize		CODE           	0402	0000	16

mcc_generated_files/mcc.c estimated size: 32

C:\Program Files\Microchip\xc8\v3.00\pic\sources\c99\common\strlen.c
		_strlen        		CODE           	03DD	0000	20

C:\Program Files\Microchip\xc8\v3.00\pic\sources\c99\common\strlen.c estimated size: 20

mcc_generated_files/pwm1.c
		_PWM1_Initialize		CODE           	03AF	0000	25

mcc_generated_files/pwm1.c estimated size: 25

C:\Program Files\Microchip\xc8\v3.00\pic\sources\c99\common\awdiv.c
		___awdiv       		CODE           	0174	0000	91

C:\Program Files\Microchip\xc8\v3.00\pic\sources\c99\common\awdiv.c estimated size: 91

main.c
		_main          		CODE           	0277	0000	67

main.c estimated size: 67

C:\Program Files\Microchip\xc8\v3.00\pic\sources\c99\common\doprnt.c
		_vfpfcnvrt     		CODE           	0023	0000	237
		_vfprintf      		CODE           	033D	0000	30

C:\Program Files\Microchip\xc8\v3.00\pic\sources\c99\common\doprnt.c estimated size: 267

soft_i2c.c
		_I2C_stop      		CODE           	0412	0000	14
		_I2C_send      		CODE           	02F9	0000	38
		_I2C_ackchk    		CODE           	0420	0000	14
		_I2C_start     		CODE           	03C8	0000	21

soft_i2c.c estimated size: 87

